

================================================================
== Vitis HLS Report for 'conv2d_kernel'
================================================================
* Date:           Thu Apr 17 09:53:02 2025

* Version:        2024.1 (Build 5069499 on May 21 2024)
* Project:        conv2d_hls
* Solution:       sol1 (Vitis Kernel Flow Target)
* Product family: virtexuplusHBM
* Target device:  xcvu37p-fsvh2892-2L-e


================================================================
== Performance Estimates
================================================================
+ Timing: 
    * Summary: 
    +--------+---------+----------+------------+
    |  Clock |  Target | Estimated| Uncertainty|
    +--------+---------+----------+------------+
    |ap_clk  |  3.00 ns|  2.190 ns|     0.81 ns|
    +--------+---------+----------+------------+

+ Latency: 
    * Summary: 
    +---------+---------+----------+----------+-----+-----+---------+
    |  Latency (cycles) |  Latency (absolute) |  Interval | Pipeline|
    |   min   |   max   |    min   |    max   | min | max |   Type  |
    +---------+---------+----------+----------+-----+-----+---------+
    |        ?|        ?|         ?|         ?|    ?|    ?|       no|
    +---------+---------+----------+----------+-----+-----+---------+

    + Detail: 
        * Instance: 
        N/A

        * Loop: 
        N/A

============================================================
+ Verbose Summary: Synthesis Manager
============================================================
InlineROM: 1
ExposeGlobal: 0
============================================================
+ Verbose Summary: CDFG Model
============================================================
IsTopModel: 1
ResetActiveHigh: 1
IsCombinational: 0
IsDatapathOnly: 0
HasWiredReturn: 1
HasMFsm: 0
HasVarLatency: 1
IsPipeline: 0
IsRtlPipelined: 0
IsInstanceOverlapped: 0
IsDontTouch: 0
HasImplIP: 0
IsGatedGlobalClock: 0


============================================================
+ Verbose Summary: Schedule
============================================================
* Number of FSM states : 74
* Pipeline : 0
* Dataflow Pipeline: 0

* FSM state transitions: 
1 --> 2 
2 --> 3 
3 --> 4 
4 --> 5 
5 --> 6 
6 --> 7 
7 --> 8 
8 --> 9 
9 --> 10 
10 --> 11 
11 --> 12 
12 --> 13 
13 --> 14 
14 --> 15 
15 --> 16 
16 --> 17 
17 --> 18 
18 --> 19 
19 --> 20 
20 --> 21 
21 --> 22 
22 --> 23 
23 --> 24 
24 --> 25 
25 --> 26 
26 --> 27 
27 --> 28 
28 --> 29 
29 --> 30 
30 --> 31 
31 --> 32 
32 --> 33 
33 --> 34 
34 --> 35 
35 --> 36 
36 --> 37 
37 --> 38 
38 --> 39 
39 --> 40 
40 --> 41 
41 --> 42 
42 --> 43 
43 --> 44 
44 --> 45 
45 --> 46 
46 --> 47 
47 --> 48 
48 --> 49 
49 --> 50 
50 --> 51 
51 --> 52 
52 --> 53 
53 --> 54 
54 --> 55 
55 --> 56 
56 --> 57 
57 --> 58 
58 --> 59 
59 --> 60 
60 --> 61 
61 --> 62 
62 --> 63 
63 --> 64 
64 --> 65 
65 --> 66 
66 --> 67 
67 --> 68 
68 --> 69 
69 --> 70 
70 --> 71 
71 --> 72 
72 --> 73 
73 --> 74 
74 --> 

* FSM state operations: 

State 1 <SV = 0> <Delay = 1.00>
ST_1 : Operation 75 [1/1] (1.00ns)   --->   "%enc_weights_read = read i64 @_ssdm_op_Read.s_axilite.i64, i64 %enc_weights"   --->   Operation 75 'read' 'enc_weights_read' <Predicate = true> <Delay = 1.00> <CoreInst = "s_axilite">   --->   Core 120 's_axilite' <Latency = 0> <II = 1> <Delay = 1.00> <Adapter> <Opcode : 'read' 'write'>
ST_1 : Operation 76 [1/1] (0.00ns)   --->   "%trunc_ln = partselect i61 @_ssdm_op_PartSelect.i61.i64.i32.i32, i64 %enc_weights_read, i32 3, i32 63" [kernels/conv2d_kernel.cpp:42]   --->   Operation 76 'partselect' 'trunc_ln' <Predicate = true> <Delay = 0.00>

State 2 <SV = 1> <Delay = 2.19>
ST_2 : Operation 77 [1/1] (0.00ns)   --->   "%sext_ln42 = sext i61 %trunc_ln" [kernels/conv2d_kernel.cpp:42]   --->   Operation 77 'sext' 'sext_ln42' <Predicate = true> <Delay = 0.00>
ST_2 : Operation 78 [1/1] (0.00ns)   --->   "%HBM0_addr = getelementptr i64 %HBM0, i64 %sext_ln42" [kernels/conv2d_kernel.cpp:42]   --->   Operation 78 'getelementptr' 'HBM0_addr' <Predicate = true> <Delay = 0.00>
ST_2 : Operation 79 [71/71] (2.19ns)   --->   "%empty = readreq i1 @_ssdm_op_ReadReq.m_axi.p1i64, i64 %HBM0_addr, i64 225" [kernels/conv2d_kernel.cpp:42]   --->   Operation 79 'readreq' 'empty' <Predicate = true> <Delay = 2.19> <CoreInst = "m_axi">   --->   Core 119 'm_axi' <Latency = 0> <II = 1> <Delay = 1.00> <Adapter> <Opcode : 'read' 'write' 'readreq' 'writereq' 'writeresp'>

State 3 <SV = 2> <Delay = 2.19>
ST_3 : Operation 80 [70/71] (2.19ns)   --->   "%empty = readreq i1 @_ssdm_op_ReadReq.m_axi.p1i64, i64 %HBM0_addr, i64 225" [kernels/conv2d_kernel.cpp:42]   --->   Operation 80 'readreq' 'empty' <Predicate = true> <Delay = 2.19> <CoreInst = "m_axi">   --->   Core 119 'm_axi' <Latency = 0> <II = 1> <Delay = 1.00> <Adapter> <Opcode : 'read' 'write' 'readreq' 'writereq' 'writeresp'>

State 4 <SV = 3> <Delay = 2.19>
ST_4 : Operation 81 [69/71] (2.19ns)   --->   "%empty = readreq i1 @_ssdm_op_ReadReq.m_axi.p1i64, i64 %HBM0_addr, i64 225" [kernels/conv2d_kernel.cpp:42]   --->   Operation 81 'readreq' 'empty' <Predicate = true> <Delay = 2.19> <CoreInst = "m_axi">   --->   Core 119 'm_axi' <Latency = 0> <II = 1> <Delay = 1.00> <Adapter> <Opcode : 'read' 'write' 'readreq' 'writereq' 'writeresp'>

State 5 <SV = 4> <Delay = 2.19>
ST_5 : Operation 82 [68/71] (2.19ns)   --->   "%empty = readreq i1 @_ssdm_op_ReadReq.m_axi.p1i64, i64 %HBM0_addr, i64 225" [kernels/conv2d_kernel.cpp:42]   --->   Operation 82 'readreq' 'empty' <Predicate = true> <Delay = 2.19> <CoreInst = "m_axi">   --->   Core 119 'm_axi' <Latency = 0> <II = 1> <Delay = 1.00> <Adapter> <Opcode : 'read' 'write' 'readreq' 'writereq' 'writeresp'>

State 6 <SV = 5> <Delay = 2.19>
ST_6 : Operation 83 [67/71] (2.19ns)   --->   "%empty = readreq i1 @_ssdm_op_ReadReq.m_axi.p1i64, i64 %HBM0_addr, i64 225" [kernels/conv2d_kernel.cpp:42]   --->   Operation 83 'readreq' 'empty' <Predicate = true> <Delay = 2.19> <CoreInst = "m_axi">   --->   Core 119 'm_axi' <Latency = 0> <II = 1> <Delay = 1.00> <Adapter> <Opcode : 'read' 'write' 'readreq' 'writereq' 'writeresp'>

State 7 <SV = 6> <Delay = 2.19>
ST_7 : Operation 84 [66/71] (2.19ns)   --->   "%empty = readreq i1 @_ssdm_op_ReadReq.m_axi.p1i64, i64 %HBM0_addr, i64 225" [kernels/conv2d_kernel.cpp:42]   --->   Operation 84 'readreq' 'empty' <Predicate = true> <Delay = 2.19> <CoreInst = "m_axi">   --->   Core 119 'm_axi' <Latency = 0> <II = 1> <Delay = 1.00> <Adapter> <Opcode : 'read' 'write' 'readreq' 'writereq' 'writeresp'>

State 8 <SV = 7> <Delay = 2.19>
ST_8 : Operation 85 [65/71] (2.19ns)   --->   "%empty = readreq i1 @_ssdm_op_ReadReq.m_axi.p1i64, i64 %HBM0_addr, i64 225" [kernels/conv2d_kernel.cpp:42]   --->   Operation 85 'readreq' 'empty' <Predicate = true> <Delay = 2.19> <CoreInst = "m_axi">   --->   Core 119 'm_axi' <Latency = 0> <II = 1> <Delay = 1.00> <Adapter> <Opcode : 'read' 'write' 'readreq' 'writereq' 'writeresp'>

State 9 <SV = 8> <Delay = 2.19>
ST_9 : Operation 86 [64/71] (2.19ns)   --->   "%empty = readreq i1 @_ssdm_op_ReadReq.m_axi.p1i64, i64 %HBM0_addr, i64 225" [kernels/conv2d_kernel.cpp:42]   --->   Operation 86 'readreq' 'empty' <Predicate = true> <Delay = 2.19> <CoreInst = "m_axi">   --->   Core 119 'm_axi' <Latency = 0> <II = 1> <Delay = 1.00> <Adapter> <Opcode : 'read' 'write' 'readreq' 'writereq' 'writeresp'>

State 10 <SV = 9> <Delay = 2.19>
ST_10 : Operation 87 [63/71] (2.19ns)   --->   "%empty = readreq i1 @_ssdm_op_ReadReq.m_axi.p1i64, i64 %HBM0_addr, i64 225" [kernels/conv2d_kernel.cpp:42]   --->   Operation 87 'readreq' 'empty' <Predicate = true> <Delay = 2.19> <CoreInst = "m_axi">   --->   Core 119 'm_axi' <Latency = 0> <II = 1> <Delay = 1.00> <Adapter> <Opcode : 'read' 'write' 'readreq' 'writereq' 'writeresp'>

State 11 <SV = 10> <Delay = 2.19>
ST_11 : Operation 88 [62/71] (2.19ns)   --->   "%empty = readreq i1 @_ssdm_op_ReadReq.m_axi.p1i64, i64 %HBM0_addr, i64 225" [kernels/conv2d_kernel.cpp:42]   --->   Operation 88 'readreq' 'empty' <Predicate = true> <Delay = 2.19> <CoreInst = "m_axi">   --->   Core 119 'm_axi' <Latency = 0> <II = 1> <Delay = 1.00> <Adapter> <Opcode : 'read' 'write' 'readreq' 'writereq' 'writeresp'>

State 12 <SV = 11> <Delay = 2.19>
ST_12 : Operation 89 [61/71] (2.19ns)   --->   "%empty = readreq i1 @_ssdm_op_ReadReq.m_axi.p1i64, i64 %HBM0_addr, i64 225" [kernels/conv2d_kernel.cpp:42]   --->   Operation 89 'readreq' 'empty' <Predicate = true> <Delay = 2.19> <CoreInst = "m_axi">   --->   Core 119 'm_axi' <Latency = 0> <II = 1> <Delay = 1.00> <Adapter> <Opcode : 'read' 'write' 'readreq' 'writereq' 'writeresp'>

State 13 <SV = 12> <Delay = 2.19>
ST_13 : Operation 90 [60/71] (2.19ns)   --->   "%empty = readreq i1 @_ssdm_op_ReadReq.m_axi.p1i64, i64 %HBM0_addr, i64 225" [kernels/conv2d_kernel.cpp:42]   --->   Operation 90 'readreq' 'empty' <Predicate = true> <Delay = 2.19> <CoreInst = "m_axi">   --->   Core 119 'm_axi' <Latency = 0> <II = 1> <Delay = 1.00> <Adapter> <Opcode : 'read' 'write' 'readreq' 'writereq' 'writeresp'>

State 14 <SV = 13> <Delay = 2.19>
ST_14 : Operation 91 [59/71] (2.19ns)   --->   "%empty = readreq i1 @_ssdm_op_ReadReq.m_axi.p1i64, i64 %HBM0_addr, i64 225" [kernels/conv2d_kernel.cpp:42]   --->   Operation 91 'readreq' 'empty' <Predicate = true> <Delay = 2.19> <CoreInst = "m_axi">   --->   Core 119 'm_axi' <Latency = 0> <II = 1> <Delay = 1.00> <Adapter> <Opcode : 'read' 'write' 'readreq' 'writereq' 'writeresp'>

State 15 <SV = 14> <Delay = 2.19>
ST_15 : Operation 92 [58/71] (2.19ns)   --->   "%empty = readreq i1 @_ssdm_op_ReadReq.m_axi.p1i64, i64 %HBM0_addr, i64 225" [kernels/conv2d_kernel.cpp:42]   --->   Operation 92 'readreq' 'empty' <Predicate = true> <Delay = 2.19> <CoreInst = "m_axi">   --->   Core 119 'm_axi' <Latency = 0> <II = 1> <Delay = 1.00> <Adapter> <Opcode : 'read' 'write' 'readreq' 'writereq' 'writeresp'>

State 16 <SV = 15> <Delay = 2.19>
ST_16 : Operation 93 [57/71] (2.19ns)   --->   "%empty = readreq i1 @_ssdm_op_ReadReq.m_axi.p1i64, i64 %HBM0_addr, i64 225" [kernels/conv2d_kernel.cpp:42]   --->   Operation 93 'readreq' 'empty' <Predicate = true> <Delay = 2.19> <CoreInst = "m_axi">   --->   Core 119 'm_axi' <Latency = 0> <II = 1> <Delay = 1.00> <Adapter> <Opcode : 'read' 'write' 'readreq' 'writereq' 'writeresp'>

State 17 <SV = 16> <Delay = 2.19>
ST_17 : Operation 94 [56/71] (2.19ns)   --->   "%empty = readreq i1 @_ssdm_op_ReadReq.m_axi.p1i64, i64 %HBM0_addr, i64 225" [kernels/conv2d_kernel.cpp:42]   --->   Operation 94 'readreq' 'empty' <Predicate = true> <Delay = 2.19> <CoreInst = "m_axi">   --->   Core 119 'm_axi' <Latency = 0> <II = 1> <Delay = 1.00> <Adapter> <Opcode : 'read' 'write' 'readreq' 'writereq' 'writeresp'>

State 18 <SV = 17> <Delay = 2.19>
ST_18 : Operation 95 [55/71] (2.19ns)   --->   "%empty = readreq i1 @_ssdm_op_ReadReq.m_axi.p1i64, i64 %HBM0_addr, i64 225" [kernels/conv2d_kernel.cpp:42]   --->   Operation 95 'readreq' 'empty' <Predicate = true> <Delay = 2.19> <CoreInst = "m_axi">   --->   Core 119 'm_axi' <Latency = 0> <II = 1> <Delay = 1.00> <Adapter> <Opcode : 'read' 'write' 'readreq' 'writereq' 'writeresp'>

State 19 <SV = 18> <Delay = 2.19>
ST_19 : Operation 96 [54/71] (2.19ns)   --->   "%empty = readreq i1 @_ssdm_op_ReadReq.m_axi.p1i64, i64 %HBM0_addr, i64 225" [kernels/conv2d_kernel.cpp:42]   --->   Operation 96 'readreq' 'empty' <Predicate = true> <Delay = 2.19> <CoreInst = "m_axi">   --->   Core 119 'm_axi' <Latency = 0> <II = 1> <Delay = 1.00> <Adapter> <Opcode : 'read' 'write' 'readreq' 'writereq' 'writeresp'>

State 20 <SV = 19> <Delay = 2.19>
ST_20 : Operation 97 [53/71] (2.19ns)   --->   "%empty = readreq i1 @_ssdm_op_ReadReq.m_axi.p1i64, i64 %HBM0_addr, i64 225" [kernels/conv2d_kernel.cpp:42]   --->   Operation 97 'readreq' 'empty' <Predicate = true> <Delay = 2.19> <CoreInst = "m_axi">   --->   Core 119 'm_axi' <Latency = 0> <II = 1> <Delay = 1.00> <Adapter> <Opcode : 'read' 'write' 'readreq' 'writereq' 'writeresp'>

State 21 <SV = 20> <Delay = 2.19>
ST_21 : Operation 98 [52/71] (2.19ns)   --->   "%empty = readreq i1 @_ssdm_op_ReadReq.m_axi.p1i64, i64 %HBM0_addr, i64 225" [kernels/conv2d_kernel.cpp:42]   --->   Operation 98 'readreq' 'empty' <Predicate = true> <Delay = 2.19> <CoreInst = "m_axi">   --->   Core 119 'm_axi' <Latency = 0> <II = 1> <Delay = 1.00> <Adapter> <Opcode : 'read' 'write' 'readreq' 'writereq' 'writeresp'>

State 22 <SV = 21> <Delay = 2.19>
ST_22 : Operation 99 [51/71] (2.19ns)   --->   "%empty = readreq i1 @_ssdm_op_ReadReq.m_axi.p1i64, i64 %HBM0_addr, i64 225" [kernels/conv2d_kernel.cpp:42]   --->   Operation 99 'readreq' 'empty' <Predicate = true> <Delay = 2.19> <CoreInst = "m_axi">   --->   Core 119 'm_axi' <Latency = 0> <II = 1> <Delay = 1.00> <Adapter> <Opcode : 'read' 'write' 'readreq' 'writereq' 'writeresp'>

State 23 <SV = 22> <Delay = 2.19>
ST_23 : Operation 100 [50/71] (2.19ns)   --->   "%empty = readreq i1 @_ssdm_op_ReadReq.m_axi.p1i64, i64 %HBM0_addr, i64 225" [kernels/conv2d_kernel.cpp:42]   --->   Operation 100 'readreq' 'empty' <Predicate = true> <Delay = 2.19> <CoreInst = "m_axi">   --->   Core 119 'm_axi' <Latency = 0> <II = 1> <Delay = 1.00> <Adapter> <Opcode : 'read' 'write' 'readreq' 'writereq' 'writeresp'>

State 24 <SV = 23> <Delay = 2.19>
ST_24 : Operation 101 [49/71] (2.19ns)   --->   "%empty = readreq i1 @_ssdm_op_ReadReq.m_axi.p1i64, i64 %HBM0_addr, i64 225" [kernels/conv2d_kernel.cpp:42]   --->   Operation 101 'readreq' 'empty' <Predicate = true> <Delay = 2.19> <CoreInst = "m_axi">   --->   Core 119 'm_axi' <Latency = 0> <II = 1> <Delay = 1.00> <Adapter> <Opcode : 'read' 'write' 'readreq' 'writereq' 'writeresp'>

State 25 <SV = 24> <Delay = 2.19>
ST_25 : Operation 102 [48/71] (2.19ns)   --->   "%empty = readreq i1 @_ssdm_op_ReadReq.m_axi.p1i64, i64 %HBM0_addr, i64 225" [kernels/conv2d_kernel.cpp:42]   --->   Operation 102 'readreq' 'empty' <Predicate = true> <Delay = 2.19> <CoreInst = "m_axi">   --->   Core 119 'm_axi' <Latency = 0> <II = 1> <Delay = 1.00> <Adapter> <Opcode : 'read' 'write' 'readreq' 'writereq' 'writeresp'>

State 26 <SV = 25> <Delay = 2.19>
ST_26 : Operation 103 [47/71] (2.19ns)   --->   "%empty = readreq i1 @_ssdm_op_ReadReq.m_axi.p1i64, i64 %HBM0_addr, i64 225" [kernels/conv2d_kernel.cpp:42]   --->   Operation 103 'readreq' 'empty' <Predicate = true> <Delay = 2.19> <CoreInst = "m_axi">   --->   Core 119 'm_axi' <Latency = 0> <II = 1> <Delay = 1.00> <Adapter> <Opcode : 'read' 'write' 'readreq' 'writereq' 'writeresp'>

State 27 <SV = 26> <Delay = 2.19>
ST_27 : Operation 104 [46/71] (2.19ns)   --->   "%empty = readreq i1 @_ssdm_op_ReadReq.m_axi.p1i64, i64 %HBM0_addr, i64 225" [kernels/conv2d_kernel.cpp:42]   --->   Operation 104 'readreq' 'empty' <Predicate = true> <Delay = 2.19> <CoreInst = "m_axi">   --->   Core 119 'm_axi' <Latency = 0> <II = 1> <Delay = 1.00> <Adapter> <Opcode : 'read' 'write' 'readreq' 'writereq' 'writeresp'>

State 28 <SV = 27> <Delay = 2.19>
ST_28 : Operation 105 [45/71] (2.19ns)   --->   "%empty = readreq i1 @_ssdm_op_ReadReq.m_axi.p1i64, i64 %HBM0_addr, i64 225" [kernels/conv2d_kernel.cpp:42]   --->   Operation 105 'readreq' 'empty' <Predicate = true> <Delay = 2.19> <CoreInst = "m_axi">   --->   Core 119 'm_axi' <Latency = 0> <II = 1> <Delay = 1.00> <Adapter> <Opcode : 'read' 'write' 'readreq' 'writereq' 'writeresp'>

State 29 <SV = 28> <Delay = 2.19>
ST_29 : Operation 106 [44/71] (2.19ns)   --->   "%empty = readreq i1 @_ssdm_op_ReadReq.m_axi.p1i64, i64 %HBM0_addr, i64 225" [kernels/conv2d_kernel.cpp:42]   --->   Operation 106 'readreq' 'empty' <Predicate = true> <Delay = 2.19> <CoreInst = "m_axi">   --->   Core 119 'm_axi' <Latency = 0> <II = 1> <Delay = 1.00> <Adapter> <Opcode : 'read' 'write' 'readreq' 'writereq' 'writeresp'>

State 30 <SV = 29> <Delay = 2.19>
ST_30 : Operation 107 [43/71] (2.19ns)   --->   "%empty = readreq i1 @_ssdm_op_ReadReq.m_axi.p1i64, i64 %HBM0_addr, i64 225" [kernels/conv2d_kernel.cpp:42]   --->   Operation 107 'readreq' 'empty' <Predicate = true> <Delay = 2.19> <CoreInst = "m_axi">   --->   Core 119 'm_axi' <Latency = 0> <II = 1> <Delay = 1.00> <Adapter> <Opcode : 'read' 'write' 'readreq' 'writereq' 'writeresp'>

State 31 <SV = 30> <Delay = 2.19>
ST_31 : Operation 108 [42/71] (2.19ns)   --->   "%empty = readreq i1 @_ssdm_op_ReadReq.m_axi.p1i64, i64 %HBM0_addr, i64 225" [kernels/conv2d_kernel.cpp:42]   --->   Operation 108 'readreq' 'empty' <Predicate = true> <Delay = 2.19> <CoreInst = "m_axi">   --->   Core 119 'm_axi' <Latency = 0> <II = 1> <Delay = 1.00> <Adapter> <Opcode : 'read' 'write' 'readreq' 'writereq' 'writeresp'>

State 32 <SV = 31> <Delay = 2.19>
ST_32 : Operation 109 [41/71] (2.19ns)   --->   "%empty = readreq i1 @_ssdm_op_ReadReq.m_axi.p1i64, i64 %HBM0_addr, i64 225" [kernels/conv2d_kernel.cpp:42]   --->   Operation 109 'readreq' 'empty' <Predicate = true> <Delay = 2.19> <CoreInst = "m_axi">   --->   Core 119 'm_axi' <Latency = 0> <II = 1> <Delay = 1.00> <Adapter> <Opcode : 'read' 'write' 'readreq' 'writereq' 'writeresp'>

State 33 <SV = 32> <Delay = 2.19>
ST_33 : Operation 110 [40/71] (2.19ns)   --->   "%empty = readreq i1 @_ssdm_op_ReadReq.m_axi.p1i64, i64 %HBM0_addr, i64 225" [kernels/conv2d_kernel.cpp:42]   --->   Operation 110 'readreq' 'empty' <Predicate = true> <Delay = 2.19> <CoreInst = "m_axi">   --->   Core 119 'm_axi' <Latency = 0> <II = 1> <Delay = 1.00> <Adapter> <Opcode : 'read' 'write' 'readreq' 'writereq' 'writeresp'>

State 34 <SV = 33> <Delay = 2.19>
ST_34 : Operation 111 [39/71] (2.19ns)   --->   "%empty = readreq i1 @_ssdm_op_ReadReq.m_axi.p1i64, i64 %HBM0_addr, i64 225" [kernels/conv2d_kernel.cpp:42]   --->   Operation 111 'readreq' 'empty' <Predicate = true> <Delay = 2.19> <CoreInst = "m_axi">   --->   Core 119 'm_axi' <Latency = 0> <II = 1> <Delay = 1.00> <Adapter> <Opcode : 'read' 'write' 'readreq' 'writereq' 'writeresp'>

State 35 <SV = 34> <Delay = 2.19>
ST_35 : Operation 112 [38/71] (2.19ns)   --->   "%empty = readreq i1 @_ssdm_op_ReadReq.m_axi.p1i64, i64 %HBM0_addr, i64 225" [kernels/conv2d_kernel.cpp:42]   --->   Operation 112 'readreq' 'empty' <Predicate = true> <Delay = 2.19> <CoreInst = "m_axi">   --->   Core 119 'm_axi' <Latency = 0> <II = 1> <Delay = 1.00> <Adapter> <Opcode : 'read' 'write' 'readreq' 'writereq' 'writeresp'>

State 36 <SV = 35> <Delay = 2.19>
ST_36 : Operation 113 [37/71] (2.19ns)   --->   "%empty = readreq i1 @_ssdm_op_ReadReq.m_axi.p1i64, i64 %HBM0_addr, i64 225" [kernels/conv2d_kernel.cpp:42]   --->   Operation 113 'readreq' 'empty' <Predicate = true> <Delay = 2.19> <CoreInst = "m_axi">   --->   Core 119 'm_axi' <Latency = 0> <II = 1> <Delay = 1.00> <Adapter> <Opcode : 'read' 'write' 'readreq' 'writereq' 'writeresp'>

State 37 <SV = 36> <Delay = 2.19>
ST_37 : Operation 114 [36/71] (2.19ns)   --->   "%empty = readreq i1 @_ssdm_op_ReadReq.m_axi.p1i64, i64 %HBM0_addr, i64 225" [kernels/conv2d_kernel.cpp:42]   --->   Operation 114 'readreq' 'empty' <Predicate = true> <Delay = 2.19> <CoreInst = "m_axi">   --->   Core 119 'm_axi' <Latency = 0> <II = 1> <Delay = 1.00> <Adapter> <Opcode : 'read' 'write' 'readreq' 'writereq' 'writeresp'>

State 38 <SV = 37> <Delay = 2.19>
ST_38 : Operation 115 [35/71] (2.19ns)   --->   "%empty = readreq i1 @_ssdm_op_ReadReq.m_axi.p1i64, i64 %HBM0_addr, i64 225" [kernels/conv2d_kernel.cpp:42]   --->   Operation 115 'readreq' 'empty' <Predicate = true> <Delay = 2.19> <CoreInst = "m_axi">   --->   Core 119 'm_axi' <Latency = 0> <II = 1> <Delay = 1.00> <Adapter> <Opcode : 'read' 'write' 'readreq' 'writereq' 'writeresp'>

State 39 <SV = 38> <Delay = 2.19>
ST_39 : Operation 116 [34/71] (2.19ns)   --->   "%empty = readreq i1 @_ssdm_op_ReadReq.m_axi.p1i64, i64 %HBM0_addr, i64 225" [kernels/conv2d_kernel.cpp:42]   --->   Operation 116 'readreq' 'empty' <Predicate = true> <Delay = 2.19> <CoreInst = "m_axi">   --->   Core 119 'm_axi' <Latency = 0> <II = 1> <Delay = 1.00> <Adapter> <Opcode : 'read' 'write' 'readreq' 'writereq' 'writeresp'>

State 40 <SV = 39> <Delay = 2.19>
ST_40 : Operation 117 [33/71] (2.19ns)   --->   "%empty = readreq i1 @_ssdm_op_ReadReq.m_axi.p1i64, i64 %HBM0_addr, i64 225" [kernels/conv2d_kernel.cpp:42]   --->   Operation 117 'readreq' 'empty' <Predicate = true> <Delay = 2.19> <CoreInst = "m_axi">   --->   Core 119 'm_axi' <Latency = 0> <II = 1> <Delay = 1.00> <Adapter> <Opcode : 'read' 'write' 'readreq' 'writereq' 'writeresp'>

State 41 <SV = 40> <Delay = 2.19>
ST_41 : Operation 118 [32/71] (2.19ns)   --->   "%empty = readreq i1 @_ssdm_op_ReadReq.m_axi.p1i64, i64 %HBM0_addr, i64 225" [kernels/conv2d_kernel.cpp:42]   --->   Operation 118 'readreq' 'empty' <Predicate = true> <Delay = 2.19> <CoreInst = "m_axi">   --->   Core 119 'm_axi' <Latency = 0> <II = 1> <Delay = 1.00> <Adapter> <Opcode : 'read' 'write' 'readreq' 'writereq' 'writeresp'>

State 42 <SV = 41> <Delay = 2.19>
ST_42 : Operation 119 [31/71] (2.19ns)   --->   "%empty = readreq i1 @_ssdm_op_ReadReq.m_axi.p1i64, i64 %HBM0_addr, i64 225" [kernels/conv2d_kernel.cpp:42]   --->   Operation 119 'readreq' 'empty' <Predicate = true> <Delay = 2.19> <CoreInst = "m_axi">   --->   Core 119 'm_axi' <Latency = 0> <II = 1> <Delay = 1.00> <Adapter> <Opcode : 'read' 'write' 'readreq' 'writereq' 'writeresp'>

State 43 <SV = 42> <Delay = 2.19>
ST_43 : Operation 120 [30/71] (2.19ns)   --->   "%empty = readreq i1 @_ssdm_op_ReadReq.m_axi.p1i64, i64 %HBM0_addr, i64 225" [kernels/conv2d_kernel.cpp:42]   --->   Operation 120 'readreq' 'empty' <Predicate = true> <Delay = 2.19> <CoreInst = "m_axi">   --->   Core 119 'm_axi' <Latency = 0> <II = 1> <Delay = 1.00> <Adapter> <Opcode : 'read' 'write' 'readreq' 'writereq' 'writeresp'>

State 44 <SV = 43> <Delay = 2.19>
ST_44 : Operation 121 [29/71] (2.19ns)   --->   "%empty = readreq i1 @_ssdm_op_ReadReq.m_axi.p1i64, i64 %HBM0_addr, i64 225" [kernels/conv2d_kernel.cpp:42]   --->   Operation 121 'readreq' 'empty' <Predicate = true> <Delay = 2.19> <CoreInst = "m_axi">   --->   Core 119 'm_axi' <Latency = 0> <II = 1> <Delay = 1.00> <Adapter> <Opcode : 'read' 'write' 'readreq' 'writereq' 'writeresp'>

State 45 <SV = 44> <Delay = 2.19>
ST_45 : Operation 122 [28/71] (2.19ns)   --->   "%empty = readreq i1 @_ssdm_op_ReadReq.m_axi.p1i64, i64 %HBM0_addr, i64 225" [kernels/conv2d_kernel.cpp:42]   --->   Operation 122 'readreq' 'empty' <Predicate = true> <Delay = 2.19> <CoreInst = "m_axi">   --->   Core 119 'm_axi' <Latency = 0> <II = 1> <Delay = 1.00> <Adapter> <Opcode : 'read' 'write' 'readreq' 'writereq' 'writeresp'>

State 46 <SV = 45> <Delay = 2.19>
ST_46 : Operation 123 [27/71] (2.19ns)   --->   "%empty = readreq i1 @_ssdm_op_ReadReq.m_axi.p1i64, i64 %HBM0_addr, i64 225" [kernels/conv2d_kernel.cpp:42]   --->   Operation 123 'readreq' 'empty' <Predicate = true> <Delay = 2.19> <CoreInst = "m_axi">   --->   Core 119 'm_axi' <Latency = 0> <II = 1> <Delay = 1.00> <Adapter> <Opcode : 'read' 'write' 'readreq' 'writereq' 'writeresp'>

State 47 <SV = 46> <Delay = 2.19>
ST_47 : Operation 124 [26/71] (2.19ns)   --->   "%empty = readreq i1 @_ssdm_op_ReadReq.m_axi.p1i64, i64 %HBM0_addr, i64 225" [kernels/conv2d_kernel.cpp:42]   --->   Operation 124 'readreq' 'empty' <Predicate = true> <Delay = 2.19> <CoreInst = "m_axi">   --->   Core 119 'm_axi' <Latency = 0> <II = 1> <Delay = 1.00> <Adapter> <Opcode : 'read' 'write' 'readreq' 'writereq' 'writeresp'>

State 48 <SV = 47> <Delay = 2.19>
ST_48 : Operation 125 [25/71] (2.19ns)   --->   "%empty = readreq i1 @_ssdm_op_ReadReq.m_axi.p1i64, i64 %HBM0_addr, i64 225" [kernels/conv2d_kernel.cpp:42]   --->   Operation 125 'readreq' 'empty' <Predicate = true> <Delay = 2.19> <CoreInst = "m_axi">   --->   Core 119 'm_axi' <Latency = 0> <II = 1> <Delay = 1.00> <Adapter> <Opcode : 'read' 'write' 'readreq' 'writereq' 'writeresp'>

State 49 <SV = 48> <Delay = 2.19>
ST_49 : Operation 126 [24/71] (2.19ns)   --->   "%empty = readreq i1 @_ssdm_op_ReadReq.m_axi.p1i64, i64 %HBM0_addr, i64 225" [kernels/conv2d_kernel.cpp:42]   --->   Operation 126 'readreq' 'empty' <Predicate = true> <Delay = 2.19> <CoreInst = "m_axi">   --->   Core 119 'm_axi' <Latency = 0> <II = 1> <Delay = 1.00> <Adapter> <Opcode : 'read' 'write' 'readreq' 'writereq' 'writeresp'>

State 50 <SV = 49> <Delay = 2.19>
ST_50 : Operation 127 [23/71] (2.19ns)   --->   "%empty = readreq i1 @_ssdm_op_ReadReq.m_axi.p1i64, i64 %HBM0_addr, i64 225" [kernels/conv2d_kernel.cpp:42]   --->   Operation 127 'readreq' 'empty' <Predicate = true> <Delay = 2.19> <CoreInst = "m_axi">   --->   Core 119 'm_axi' <Latency = 0> <II = 1> <Delay = 1.00> <Adapter> <Opcode : 'read' 'write' 'readreq' 'writereq' 'writeresp'>

State 51 <SV = 50> <Delay = 2.19>
ST_51 : Operation 128 [22/71] (2.19ns)   --->   "%empty = readreq i1 @_ssdm_op_ReadReq.m_axi.p1i64, i64 %HBM0_addr, i64 225" [kernels/conv2d_kernel.cpp:42]   --->   Operation 128 'readreq' 'empty' <Predicate = true> <Delay = 2.19> <CoreInst = "m_axi">   --->   Core 119 'm_axi' <Latency = 0> <II = 1> <Delay = 1.00> <Adapter> <Opcode : 'read' 'write' 'readreq' 'writereq' 'writeresp'>

State 52 <SV = 51> <Delay = 2.19>
ST_52 : Operation 129 [21/71] (2.19ns)   --->   "%empty = readreq i1 @_ssdm_op_ReadReq.m_axi.p1i64, i64 %HBM0_addr, i64 225" [kernels/conv2d_kernel.cpp:42]   --->   Operation 129 'readreq' 'empty' <Predicate = true> <Delay = 2.19> <CoreInst = "m_axi">   --->   Core 119 'm_axi' <Latency = 0> <II = 1> <Delay = 1.00> <Adapter> <Opcode : 'read' 'write' 'readreq' 'writereq' 'writeresp'>

State 53 <SV = 52> <Delay = 2.19>
ST_53 : Operation 130 [20/71] (2.19ns)   --->   "%empty = readreq i1 @_ssdm_op_ReadReq.m_axi.p1i64, i64 %HBM0_addr, i64 225" [kernels/conv2d_kernel.cpp:42]   --->   Operation 130 'readreq' 'empty' <Predicate = true> <Delay = 2.19> <CoreInst = "m_axi">   --->   Core 119 'm_axi' <Latency = 0> <II = 1> <Delay = 1.00> <Adapter> <Opcode : 'read' 'write' 'readreq' 'writereq' 'writeresp'>

State 54 <SV = 53> <Delay = 2.19>
ST_54 : Operation 131 [19/71] (2.19ns)   --->   "%empty = readreq i1 @_ssdm_op_ReadReq.m_axi.p1i64, i64 %HBM0_addr, i64 225" [kernels/conv2d_kernel.cpp:42]   --->   Operation 131 'readreq' 'empty' <Predicate = true> <Delay = 2.19> <CoreInst = "m_axi">   --->   Core 119 'm_axi' <Latency = 0> <II = 1> <Delay = 1.00> <Adapter> <Opcode : 'read' 'write' 'readreq' 'writereq' 'writeresp'>

State 55 <SV = 54> <Delay = 2.19>
ST_55 : Operation 132 [18/71] (2.19ns)   --->   "%empty = readreq i1 @_ssdm_op_ReadReq.m_axi.p1i64, i64 %HBM0_addr, i64 225" [kernels/conv2d_kernel.cpp:42]   --->   Operation 132 'readreq' 'empty' <Predicate = true> <Delay = 2.19> <CoreInst = "m_axi">   --->   Core 119 'm_axi' <Latency = 0> <II = 1> <Delay = 1.00> <Adapter> <Opcode : 'read' 'write' 'readreq' 'writereq' 'writeresp'>

State 56 <SV = 55> <Delay = 2.19>
ST_56 : Operation 133 [17/71] (2.19ns)   --->   "%empty = readreq i1 @_ssdm_op_ReadReq.m_axi.p1i64, i64 %HBM0_addr, i64 225" [kernels/conv2d_kernel.cpp:42]   --->   Operation 133 'readreq' 'empty' <Predicate = true> <Delay = 2.19> <CoreInst = "m_axi">   --->   Core 119 'm_axi' <Latency = 0> <II = 1> <Delay = 1.00> <Adapter> <Opcode : 'read' 'write' 'readreq' 'writereq' 'writeresp'>

State 57 <SV = 56> <Delay = 2.19>
ST_57 : Operation 134 [16/71] (2.19ns)   --->   "%empty = readreq i1 @_ssdm_op_ReadReq.m_axi.p1i64, i64 %HBM0_addr, i64 225" [kernels/conv2d_kernel.cpp:42]   --->   Operation 134 'readreq' 'empty' <Predicate = true> <Delay = 2.19> <CoreInst = "m_axi">   --->   Core 119 'm_axi' <Latency = 0> <II = 1> <Delay = 1.00> <Adapter> <Opcode : 'read' 'write' 'readreq' 'writereq' 'writeresp'>

State 58 <SV = 57> <Delay = 2.19>
ST_58 : Operation 135 [15/71] (2.19ns)   --->   "%empty = readreq i1 @_ssdm_op_ReadReq.m_axi.p1i64, i64 %HBM0_addr, i64 225" [kernels/conv2d_kernel.cpp:42]   --->   Operation 135 'readreq' 'empty' <Predicate = true> <Delay = 2.19> <CoreInst = "m_axi">   --->   Core 119 'm_axi' <Latency = 0> <II = 1> <Delay = 1.00> <Adapter> <Opcode : 'read' 'write' 'readreq' 'writereq' 'writeresp'>

State 59 <SV = 58> <Delay = 2.19>
ST_59 : Operation 136 [14/71] (2.19ns)   --->   "%empty = readreq i1 @_ssdm_op_ReadReq.m_axi.p1i64, i64 %HBM0_addr, i64 225" [kernels/conv2d_kernel.cpp:42]   --->   Operation 136 'readreq' 'empty' <Predicate = true> <Delay = 2.19> <CoreInst = "m_axi">   --->   Core 119 'm_axi' <Latency = 0> <II = 1> <Delay = 1.00> <Adapter> <Opcode : 'read' 'write' 'readreq' 'writereq' 'writeresp'>

State 60 <SV = 59> <Delay = 2.19>
ST_60 : Operation 137 [13/71] (2.19ns)   --->   "%empty = readreq i1 @_ssdm_op_ReadReq.m_axi.p1i64, i64 %HBM0_addr, i64 225" [kernels/conv2d_kernel.cpp:42]   --->   Operation 137 'readreq' 'empty' <Predicate = true> <Delay = 2.19> <CoreInst = "m_axi">   --->   Core 119 'm_axi' <Latency = 0> <II = 1> <Delay = 1.00> <Adapter> <Opcode : 'read' 'write' 'readreq' 'writereq' 'writeresp'>

State 61 <SV = 60> <Delay = 2.19>
ST_61 : Operation 138 [12/71] (2.19ns)   --->   "%empty = readreq i1 @_ssdm_op_ReadReq.m_axi.p1i64, i64 %HBM0_addr, i64 225" [kernels/conv2d_kernel.cpp:42]   --->   Operation 138 'readreq' 'empty' <Predicate = true> <Delay = 2.19> <CoreInst = "m_axi">   --->   Core 119 'm_axi' <Latency = 0> <II = 1> <Delay = 1.00> <Adapter> <Opcode : 'read' 'write' 'readreq' 'writereq' 'writeresp'>

State 62 <SV = 61> <Delay = 2.19>
ST_62 : Operation 139 [11/71] (2.19ns)   --->   "%empty = readreq i1 @_ssdm_op_ReadReq.m_axi.p1i64, i64 %HBM0_addr, i64 225" [kernels/conv2d_kernel.cpp:42]   --->   Operation 139 'readreq' 'empty' <Predicate = true> <Delay = 2.19> <CoreInst = "m_axi">   --->   Core 119 'm_axi' <Latency = 0> <II = 1> <Delay = 1.00> <Adapter> <Opcode : 'read' 'write' 'readreq' 'writereq' 'writeresp'>

State 63 <SV = 62> <Delay = 2.19>
ST_63 : Operation 140 [10/71] (2.19ns)   --->   "%empty = readreq i1 @_ssdm_op_ReadReq.m_axi.p1i64, i64 %HBM0_addr, i64 225" [kernels/conv2d_kernel.cpp:42]   --->   Operation 140 'readreq' 'empty' <Predicate = true> <Delay = 2.19> <CoreInst = "m_axi">   --->   Core 119 'm_axi' <Latency = 0> <II = 1> <Delay = 1.00> <Adapter> <Opcode : 'read' 'write' 'readreq' 'writereq' 'writeresp'>

State 64 <SV = 63> <Delay = 2.19>
ST_64 : Operation 141 [9/71] (2.19ns)   --->   "%empty = readreq i1 @_ssdm_op_ReadReq.m_axi.p1i64, i64 %HBM0_addr, i64 225" [kernels/conv2d_kernel.cpp:42]   --->   Operation 141 'readreq' 'empty' <Predicate = true> <Delay = 2.19> <CoreInst = "m_axi">   --->   Core 119 'm_axi' <Latency = 0> <II = 1> <Delay = 1.00> <Adapter> <Opcode : 'read' 'write' 'readreq' 'writereq' 'writeresp'>

State 65 <SV = 64> <Delay = 2.19>
ST_65 : Operation 142 [8/71] (2.19ns)   --->   "%empty = readreq i1 @_ssdm_op_ReadReq.m_axi.p1i64, i64 %HBM0_addr, i64 225" [kernels/conv2d_kernel.cpp:42]   --->   Operation 142 'readreq' 'empty' <Predicate = true> <Delay = 2.19> <CoreInst = "m_axi">   --->   Core 119 'm_axi' <Latency = 0> <II = 1> <Delay = 1.00> <Adapter> <Opcode : 'read' 'write' 'readreq' 'writereq' 'writeresp'>

State 66 <SV = 65> <Delay = 2.19>
ST_66 : Operation 143 [7/71] (2.19ns)   --->   "%empty = readreq i1 @_ssdm_op_ReadReq.m_axi.p1i64, i64 %HBM0_addr, i64 225" [kernels/conv2d_kernel.cpp:42]   --->   Operation 143 'readreq' 'empty' <Predicate = true> <Delay = 2.19> <CoreInst = "m_axi">   --->   Core 119 'm_axi' <Latency = 0> <II = 1> <Delay = 1.00> <Adapter> <Opcode : 'read' 'write' 'readreq' 'writereq' 'writeresp'>

State 67 <SV = 66> <Delay = 2.19>
ST_67 : Operation 144 [6/71] (2.19ns)   --->   "%empty = readreq i1 @_ssdm_op_ReadReq.m_axi.p1i64, i64 %HBM0_addr, i64 225" [kernels/conv2d_kernel.cpp:42]   --->   Operation 144 'readreq' 'empty' <Predicate = true> <Delay = 2.19> <CoreInst = "m_axi">   --->   Core 119 'm_axi' <Latency = 0> <II = 1> <Delay = 1.00> <Adapter> <Opcode : 'read' 'write' 'readreq' 'writereq' 'writeresp'>

State 68 <SV = 67> <Delay = 2.19>
ST_68 : Operation 145 [5/71] (2.19ns)   --->   "%empty = readreq i1 @_ssdm_op_ReadReq.m_axi.p1i64, i64 %HBM0_addr, i64 225" [kernels/conv2d_kernel.cpp:42]   --->   Operation 145 'readreq' 'empty' <Predicate = true> <Delay = 2.19> <CoreInst = "m_axi">   --->   Core 119 'm_axi' <Latency = 0> <II = 1> <Delay = 1.00> <Adapter> <Opcode : 'read' 'write' 'readreq' 'writereq' 'writeresp'>

State 69 <SV = 68> <Delay = 2.19>
ST_69 : Operation 146 [4/71] (2.19ns)   --->   "%empty = readreq i1 @_ssdm_op_ReadReq.m_axi.p1i64, i64 %HBM0_addr, i64 225" [kernels/conv2d_kernel.cpp:42]   --->   Operation 146 'readreq' 'empty' <Predicate = true> <Delay = 2.19> <CoreInst = "m_axi">   --->   Core 119 'm_axi' <Latency = 0> <II = 1> <Delay = 1.00> <Adapter> <Opcode : 'read' 'write' 'readreq' 'writereq' 'writeresp'>

State 70 <SV = 69> <Delay = 2.19>
ST_70 : Operation 147 [3/71] (2.19ns)   --->   "%empty = readreq i1 @_ssdm_op_ReadReq.m_axi.p1i64, i64 %HBM0_addr, i64 225" [kernels/conv2d_kernel.cpp:42]   --->   Operation 147 'readreq' 'empty' <Predicate = true> <Delay = 2.19> <CoreInst = "m_axi">   --->   Core 119 'm_axi' <Latency = 0> <II = 1> <Delay = 1.00> <Adapter> <Opcode : 'read' 'write' 'readreq' 'writereq' 'writeresp'>

State 71 <SV = 70> <Delay = 2.19>
ST_71 : Operation 148 [2/71] (2.19ns)   --->   "%empty = readreq i1 @_ssdm_op_ReadReq.m_axi.p1i64, i64 %HBM0_addr, i64 225" [kernels/conv2d_kernel.cpp:42]   --->   Operation 148 'readreq' 'empty' <Predicate = true> <Delay = 2.19> <CoreInst = "m_axi">   --->   Core 119 'm_axi' <Latency = 0> <II = 1> <Delay = 1.00> <Adapter> <Opcode : 'read' 'write' 'readreq' 'writereq' 'writeresp'>

State 72 <SV = 71> <Delay = 2.19>
ST_72 : Operation 149 [1/71] (2.19ns)   --->   "%empty = readreq i1 @_ssdm_op_ReadReq.m_axi.p1i64, i64 %HBM0_addr, i64 225" [kernels/conv2d_kernel.cpp:42]   --->   Operation 149 'readreq' 'empty' <Predicate = true> <Delay = 2.19> <CoreInst = "m_axi">   --->   Core 119 'm_axi' <Latency = 0> <II = 1> <Delay = 1.00> <Adapter> <Opcode : 'read' 'write' 'readreq' 'writereq' 'writeresp'>

State 73 <SV = 72> <Delay = 0.00>
ST_73 : Operation 150 [2/2] (0.00ns)   --->   "%call_ln42 = call void @conv2d_kernel_Pipeline_VITIS_LOOP_42_1, i64 %HBM0, i61 %trunc_ln" [kernels/conv2d_kernel.cpp:42]   --->   Operation 150 'call' 'call_ln42' <Predicate = true> <Delay = 0.00> <CoreType = "Generic">   --->   Core 0 '' <Latency = 0> <II = 1> <Delay = 1.00> <Generic> <Opcode : >

State 74 <SV = 73> <Delay = 0.00>
ST_74 : Operation 151 [1/1] (0.00ns)   --->   "%spectopmodule_ln12 = spectopmodule void @_ssdm_op_SpecTopModule, void @empty_6" [kernels/conv2d_kernel.cpp:12]   --->   Operation 151 'spectopmodule' 'spectopmodule_ln12' <Predicate = true> <Delay = 0.00>
ST_74 : Operation 152 [1/1] (0.00ns)   --->   "%specinterface_ln12 = specinterface void @_ssdm_op_SpecInterface, i32 0, void @empty_1, i32 0, i32 0, void @empty, i32 0, i32 0, void @empty, void @empty, void @empty, i32 0, i32 0, i32 0, i32 0, void @empty, void @empty, i32 4294967295, i32 0, i32 0" [kernels/conv2d_kernel.cpp:12]   --->   Operation 152 'specinterface' 'specinterface_ln12' <Predicate = true> <Delay = 0.00>
ST_74 : Operation 153 [1/1] (0.00ns)   --->   "%specinterface_ln0 = specinterface void @_ssdm_op_SpecInterface, i64 %HBM0, void @empty_8, i32 0, i32 0, void @empty, i32 64, i32 0, void @empty_15, void @empty_12, void @empty, i32 16, i32 16, i32 16, i32 16, void @empty, void @empty, i32 4294967295, i32 0, i32 0"   --->   Operation 153 'specinterface' 'specinterface_ln0' <Predicate = true> <Delay = 0.00>
ST_74 : Operation 154 [1/1] (0.00ns)   --->   "%specbitsmap_ln0 = specbitsmap void @_ssdm_op_SpecBitsMap, i64 %HBM0"   --->   Operation 154 'specbitsmap' 'specbitsmap_ln0' <Predicate = true> <Delay = 0.00>
ST_74 : Operation 155 [1/1] (0.00ns)   --->   "%specinterface_ln0 = specinterface void @_ssdm_op_SpecInterface, i32 %HBM1, void @empty_8, i32 0, i32 0, void @empty, i32 64, i32 0, void @empty_11, void @empty_12, void @empty, i32 16, i32 16, i32 16, i32 16, void @empty, void @empty, i32 4294967295, i32 0, i32 0"   --->   Operation 155 'specinterface' 'specinterface_ln0' <Predicate = true> <Delay = 0.00>
ST_74 : Operation 156 [1/1] (0.00ns)   --->   "%specbitsmap_ln0 = specbitsmap void @_ssdm_op_SpecBitsMap, i32 %HBM1"   --->   Operation 156 'specbitsmap' 'specbitsmap_ln0' <Predicate = true> <Delay = 0.00>
ST_74 : Operation 157 [1/1] (0.00ns)   --->   "%specinterface_ln0 = specinterface void @_ssdm_op_SpecInterface, i64 %HBM2, void @empty_8, i32 0, i32 0, void @empty, i32 64, i32 0, void @empty_10, void @empty_12, void @empty, i32 16, i32 16, i32 16, i32 16, void @empty, void @empty, i32 4294967295, i32 0, i32 0"   --->   Operation 157 'specinterface' 'specinterface_ln0' <Predicate = true> <Delay = 0.00>
ST_74 : Operation 158 [1/1] (0.00ns)   --->   "%specbitsmap_ln0 = specbitsmap void @_ssdm_op_SpecBitsMap, i64 %HBM2"   --->   Operation 158 'specbitsmap' 'specbitsmap_ln0' <Predicate = true> <Delay = 0.00>
ST_74 : Operation 159 [1/1] (0.00ns)   --->   "%specinterface_ln0 = specinterface void @_ssdm_op_SpecInterface, i64 %enc_weights, void @empty_9, i32 4294967295, i32 4294967295, void @empty_0, i32 0, i32 0, void @empty_19, void @empty_18, void @empty, i32 0, i32 0, i32 0, i32 0, void @empty, void @empty_2, i32 4294967295, i32 0, i32 0"   --->   Operation 159 'specinterface' 'specinterface_ln0' <Predicate = true> <Delay = 0.00>
ST_74 : Operation 160 [1/1] (0.00ns)   --->   "%specinterface_ln0 = specinterface void @_ssdm_op_SpecInterface, i64 %enc_weights, void @empty_5, i32 4294967295, i32 4294967295, void @empty, i32 0, i32 0, void @empty, void @empty, void @empty, i32 0, i32 0, i32 0, i32 0, void @empty, void @empty_2, i32 4294967295, i32 0, i32 0"   --->   Operation 160 'specinterface' 'specinterface_ln0' <Predicate = true> <Delay = 0.00>
ST_74 : Operation 161 [1/1] (0.00ns)   --->   "%specinterface_ln0 = specinterface void @_ssdm_op_SpecInterface, i64 %enc_bias, void @empty_9, i32 4294967295, i32 4294967295, void @empty_0, i32 0, i32 0, void @empty_19, void @empty_17, void @empty, i32 0, i32 0, i32 0, i32 0, void @empty, void @empty_2, i32 4294967295, i32 0, i32 0"   --->   Operation 161 'specinterface' 'specinterface_ln0' <Predicate = true> <Delay = 0.00>
ST_74 : Operation 162 [1/1] (0.00ns)   --->   "%specinterface_ln0 = specinterface void @_ssdm_op_SpecInterface, i64 %enc_bias, void @empty_5, i32 4294967295, i32 4294967295, void @empty, i32 0, i32 0, void @empty, void @empty, void @empty, i32 0, i32 0, i32 0, i32 0, void @empty, void @empty_2, i32 4294967295, i32 0, i32 0"   --->   Operation 162 'specinterface' 'specinterface_ln0' <Predicate = true> <Delay = 0.00>
ST_74 : Operation 163 [1/1] (0.00ns)   --->   "%specinterface_ln0 = specinterface void @_ssdm_op_SpecInterface, i64 %enc_input, void @empty_9, i32 4294967295, i32 4294967295, void @empty_0, i32 0, i32 0, void @empty_19, void @empty_16, void @empty, i32 0, i32 0, i32 0, i32 0, void @empty, void @empty_2, i32 4294967295, i32 0, i32 0"   --->   Operation 163 'specinterface' 'specinterface_ln0' <Predicate = true> <Delay = 0.00>
ST_74 : Operation 164 [1/1] (0.00ns)   --->   "%specinterface_ln0 = specinterface void @_ssdm_op_SpecInterface, i64 %enc_input, void @empty_5, i32 4294967295, i32 4294967295, void @empty, i32 0, i32 0, void @empty, void @empty, void @empty, i32 0, i32 0, i32 0, i32 0, void @empty, void @empty_2, i32 4294967295, i32 0, i32 0"   --->   Operation 164 'specinterface' 'specinterface_ln0' <Predicate = true> <Delay = 0.00>
ST_74 : Operation 165 [1/1] (0.00ns)   --->   "%specinterface_ln0 = specinterface void @_ssdm_op_SpecInterface, i64 %enc_output, void @empty_9, i32 4294967295, i32 4294967295, void @empty_0, i32 0, i32 0, void @empty_19, void @empty_13, void @empty, i32 0, i32 0, i32 0, i32 0, void @empty, void @empty_2, i32 4294967295, i32 0, i32 0"   --->   Operation 165 'specinterface' 'specinterface_ln0' <Predicate = true> <Delay = 0.00>
ST_74 : Operation 166 [1/1] (0.00ns)   --->   "%specinterface_ln0 = specinterface void @_ssdm_op_SpecInterface, i64 %enc_output, void @empty_5, i32 4294967295, i32 4294967295, void @empty, i32 0, i32 0, void @empty, void @empty, void @empty, i32 0, i32 0, i32 0, i32 0, void @empty, void @empty_2, i32 4294967295, i32 0, i32 0"   --->   Operation 166 'specinterface' 'specinterface_ln0' <Predicate = true> <Delay = 0.00>
ST_74 : Operation 167 [1/1] (0.00ns)   --->   "%specbitsmap_ln0 = specbitsmap void @_ssdm_op_SpecBitsMap, i32 %rows"   --->   Operation 167 'specbitsmap' 'specbitsmap_ln0' <Predicate = true> <Delay = 0.00>
ST_74 : Operation 168 [1/1] (0.00ns)   --->   "%specinterface_ln0 = specinterface void @_ssdm_op_SpecInterface, i32 %rows, void @empty_9, i32 0, i32 0, void @empty, i32 0, i32 0, void @empty_19, void @empty_14, void @empty, i32 0, i32 0, i32 0, i32 0, void @empty, void @empty, i32 4294967295, i32 0, i32 0"   --->   Operation 168 'specinterface' 'specinterface_ln0' <Predicate = true> <Delay = 0.00>
ST_74 : Operation 169 [1/1] (0.00ns)   --->   "%specinterface_ln0 = specinterface void @_ssdm_op_SpecInterface, i32 %rows, void @empty_4, i32 0, i32 0, void @empty, i32 0, i32 0, void @empty, void @empty, void @empty, i32 0, i32 0, i32 0, i32 0, void @empty, void @empty, i32 4294967295, i32 0, i32 0"   --->   Operation 169 'specinterface' 'specinterface_ln0' <Predicate = true> <Delay = 0.00>
ST_74 : Operation 170 [1/1] (0.00ns)   --->   "%specbitsmap_ln0 = specbitsmap void @_ssdm_op_SpecBitsMap, i32 %cols"   --->   Operation 170 'specbitsmap' 'specbitsmap_ln0' <Predicate = true> <Delay = 0.00>
ST_74 : Operation 171 [1/1] (0.00ns)   --->   "%specinterface_ln0 = specinterface void @_ssdm_op_SpecInterface, i32 %cols, void @empty_9, i32 0, i32 0, void @empty, i32 0, i32 0, void @empty_19, void @empty_3, void @empty, i32 0, i32 0, i32 0, i32 0, void @empty, void @empty, i32 4294967295, i32 0, i32 0"   --->   Operation 171 'specinterface' 'specinterface_ln0' <Predicate = true> <Delay = 0.00>
ST_74 : Operation 172 [1/1] (0.00ns)   --->   "%specinterface_ln0 = specinterface void @_ssdm_op_SpecInterface, i32 %cols, void @empty_4, i32 0, i32 0, void @empty, i32 0, i32 0, void @empty, void @empty, void @empty, i32 0, i32 0, i32 0, i32 0, void @empty, void @empty, i32 4294967295, i32 0, i32 0"   --->   Operation 172 'specinterface' 'specinterface_ln0' <Predicate = true> <Delay = 0.00>
ST_74 : Operation 173 [1/1] (0.00ns)   --->   "%specinterface_ln0 = specinterface void @_ssdm_op_SpecInterface, i32 0, void @empty_9, i32 0, i32 0, void @empty, i32 0, i32 0, void @empty_19, void @empty, void @empty, i32 0, i32 0, i32 0, i32 0, void @empty, void @empty, i32 4294967295, i32 0, i32 0"   --->   Operation 173 'specinterface' 'specinterface_ln0' <Predicate = true> <Delay = 0.00>
ST_74 : Operation 174 [1/2] (0.00ns)   --->   "%call_ln42 = call void @conv2d_kernel_Pipeline_VITIS_LOOP_42_1, i64 %HBM0, i61 %trunc_ln" [kernels/conv2d_kernel.cpp:42]   --->   Operation 174 'call' 'call_ln42' <Predicate = true> <Delay = 0.00> <CoreType = "Generic">   --->   Core 0 '' <Latency = 0> <II = 1> <Delay = 1.00> <Generic> <Opcode : >
ST_74 : Operation 175 [1/1] (0.00ns)   --->   "%ret_ln0 = ret"   --->   Operation 175 'ret' 'ret_ln0' <Predicate = true> <Delay = 0.00>


============================================================
+ Verbose Summary: Timing violations
============================================================
Target clock period: 3.000ns, clock uncertainty: 0.810ns.

 <State 1>: 1.000ns
The critical path consists of the following:
	s_axi read operation ('enc_weights_read') on port 'enc_weights' [33]  (1.000 ns)

 <State 2>: 2.190ns
The critical path consists of the following:
	'getelementptr' operation 64 bit ('HBM0_addr', kernels/conv2d_kernel.cpp:42) [36]  (0.000 ns)
	bus request operation ('empty', kernels/conv2d_kernel.cpp:42) on port 'HBM0' (kernels/conv2d_kernel.cpp:42) [37]  (2.190 ns)

 <State 3>: 2.190ns
The critical path consists of the following:
	bus request operation ('empty', kernels/conv2d_kernel.cpp:42) on port 'HBM0' (kernels/conv2d_kernel.cpp:42) [37]  (2.190 ns)

 <State 4>: 2.190ns
The critical path consists of the following:
	bus request operation ('empty', kernels/conv2d_kernel.cpp:42) on port 'HBM0' (kernels/conv2d_kernel.cpp:42) [37]  (2.190 ns)

 <State 5>: 2.190ns
The critical path consists of the following:
	bus request operation ('empty', kernels/conv2d_kernel.cpp:42) on port 'HBM0' (kernels/conv2d_kernel.cpp:42) [37]  (2.190 ns)

 <State 6>: 2.190ns
The critical path consists of the following:
	bus request operation ('empty', kernels/conv2d_kernel.cpp:42) on port 'HBM0' (kernels/conv2d_kernel.cpp:42) [37]  (2.190 ns)

 <State 7>: 2.190ns
The critical path consists of the following:
	bus request operation ('empty', kernels/conv2d_kernel.cpp:42) on port 'HBM0' (kernels/conv2d_kernel.cpp:42) [37]  (2.190 ns)

 <State 8>: 2.190ns
The critical path consists of the following:
	bus request operation ('empty', kernels/conv2d_kernel.cpp:42) on port 'HBM0' (kernels/conv2d_kernel.cpp:42) [37]  (2.190 ns)

 <State 9>: 2.190ns
The critical path consists of the following:
	bus request operation ('empty', kernels/conv2d_kernel.cpp:42) on port 'HBM0' (kernels/conv2d_kernel.cpp:42) [37]  (2.190 ns)

 <State 10>: 2.190ns
The critical path consists of the following:
	bus request operation ('empty', kernels/conv2d_kernel.cpp:42) on port 'HBM0' (kernels/conv2d_kernel.cpp:42) [37]  (2.190 ns)

 <State 11>: 2.190ns
The critical path consists of the following:
	bus request operation ('empty', kernels/conv2d_kernel.cpp:42) on port 'HBM0' (kernels/conv2d_kernel.cpp:42) [37]  (2.190 ns)

 <State 12>: 2.190ns
The critical path consists of the following:
	bus request operation ('empty', kernels/conv2d_kernel.cpp:42) on port 'HBM0' (kernels/conv2d_kernel.cpp:42) [37]  (2.190 ns)

 <State 13>: 2.190ns
The critical path consists of the following:
	bus request operation ('empty', kernels/conv2d_kernel.cpp:42) on port 'HBM0' (kernels/conv2d_kernel.cpp:42) [37]  (2.190 ns)

 <State 14>: 2.190ns
The critical path consists of the following:
	bus request operation ('empty', kernels/conv2d_kernel.cpp:42) on port 'HBM0' (kernels/conv2d_kernel.cpp:42) [37]  (2.190 ns)

 <State 15>: 2.190ns
The critical path consists of the following:
	bus request operation ('empty', kernels/conv2d_kernel.cpp:42) on port 'HBM0' (kernels/conv2d_kernel.cpp:42) [37]  (2.190 ns)

 <State 16>: 2.190ns
The critical path consists of the following:
	bus request operation ('empty', kernels/conv2d_kernel.cpp:42) on port 'HBM0' (kernels/conv2d_kernel.cpp:42) [37]  (2.190 ns)

 <State 17>: 2.190ns
The critical path consists of the following:
	bus request operation ('empty', kernels/conv2d_kernel.cpp:42) on port 'HBM0' (kernels/conv2d_kernel.cpp:42) [37]  (2.190 ns)

 <State 18>: 2.190ns
The critical path consists of the following:
	bus request operation ('empty', kernels/conv2d_kernel.cpp:42) on port 'HBM0' (kernels/conv2d_kernel.cpp:42) [37]  (2.190 ns)

 <State 19>: 2.190ns
The critical path consists of the following:
	bus request operation ('empty', kernels/conv2d_kernel.cpp:42) on port 'HBM0' (kernels/conv2d_kernel.cpp:42) [37]  (2.190 ns)

 <State 20>: 2.190ns
The critical path consists of the following:
	bus request operation ('empty', kernels/conv2d_kernel.cpp:42) on port 'HBM0' (kernels/conv2d_kernel.cpp:42) [37]  (2.190 ns)

 <State 21>: 2.190ns
The critical path consists of the following:
	bus request operation ('empty', kernels/conv2d_kernel.cpp:42) on port 'HBM0' (kernels/conv2d_kernel.cpp:42) [37]  (2.190 ns)

 <State 22>: 2.190ns
The critical path consists of the following:
	bus request operation ('empty', kernels/conv2d_kernel.cpp:42) on port 'HBM0' (kernels/conv2d_kernel.cpp:42) [37]  (2.190 ns)

 <State 23>: 2.190ns
The critical path consists of the following:
	bus request operation ('empty', kernels/conv2d_kernel.cpp:42) on port 'HBM0' (kernels/conv2d_kernel.cpp:42) [37]  (2.190 ns)

 <State 24>: 2.190ns
The critical path consists of the following:
	bus request operation ('empty', kernels/conv2d_kernel.cpp:42) on port 'HBM0' (kernels/conv2d_kernel.cpp:42) [37]  (2.190 ns)

 <State 25>: 2.190ns
The critical path consists of the following:
	bus request operation ('empty', kernels/conv2d_kernel.cpp:42) on port 'HBM0' (kernels/conv2d_kernel.cpp:42) [37]  (2.190 ns)

 <State 26>: 2.190ns
The critical path consists of the following:
	bus request operation ('empty', kernels/conv2d_kernel.cpp:42) on port 'HBM0' (kernels/conv2d_kernel.cpp:42) [37]  (2.190 ns)

 <State 27>: 2.190ns
The critical path consists of the following:
	bus request operation ('empty', kernels/conv2d_kernel.cpp:42) on port 'HBM0' (kernels/conv2d_kernel.cpp:42) [37]  (2.190 ns)

 <State 28>: 2.190ns
The critical path consists of the following:
	bus request operation ('empty', kernels/conv2d_kernel.cpp:42) on port 'HBM0' (kernels/conv2d_kernel.cpp:42) [37]  (2.190 ns)

 <State 29>: 2.190ns
The critical path consists of the following:
	bus request operation ('empty', kernels/conv2d_kernel.cpp:42) on port 'HBM0' (kernels/conv2d_kernel.cpp:42) [37]  (2.190 ns)

 <State 30>: 2.190ns
The critical path consists of the following:
	bus request operation ('empty', kernels/conv2d_kernel.cpp:42) on port 'HBM0' (kernels/conv2d_kernel.cpp:42) [37]  (2.190 ns)

 <State 31>: 2.190ns
The critical path consists of the following:
	bus request operation ('empty', kernels/conv2d_kernel.cpp:42) on port 'HBM0' (kernels/conv2d_kernel.cpp:42) [37]  (2.190 ns)

 <State 32>: 2.190ns
The critical path consists of the following:
	bus request operation ('empty', kernels/conv2d_kernel.cpp:42) on port 'HBM0' (kernels/conv2d_kernel.cpp:42) [37]  (2.190 ns)

 <State 33>: 2.190ns
The critical path consists of the following:
	bus request operation ('empty', kernels/conv2d_kernel.cpp:42) on port 'HBM0' (kernels/conv2d_kernel.cpp:42) [37]  (2.190 ns)

 <State 34>: 2.190ns
The critical path consists of the following:
	bus request operation ('empty', kernels/conv2d_kernel.cpp:42) on port 'HBM0' (kernels/conv2d_kernel.cpp:42) [37]  (2.190 ns)

 <State 35>: 2.190ns
The critical path consists of the following:
	bus request operation ('empty', kernels/conv2d_kernel.cpp:42) on port 'HBM0' (kernels/conv2d_kernel.cpp:42) [37]  (2.190 ns)

 <State 36>: 2.190ns
The critical path consists of the following:
	bus request operation ('empty', kernels/conv2d_kernel.cpp:42) on port 'HBM0' (kernels/conv2d_kernel.cpp:42) [37]  (2.190 ns)

 <State 37>: 2.190ns
The critical path consists of the following:
	bus request operation ('empty', kernels/conv2d_kernel.cpp:42) on port 'HBM0' (kernels/conv2d_kernel.cpp:42) [37]  (2.190 ns)

 <State 38>: 2.190ns
The critical path consists of the following:
	bus request operation ('empty', kernels/conv2d_kernel.cpp:42) on port 'HBM0' (kernels/conv2d_kernel.cpp:42) [37]  (2.190 ns)

 <State 39>: 2.190ns
The critical path consists of the following:
	bus request operation ('empty', kernels/conv2d_kernel.cpp:42) on port 'HBM0' (kernels/conv2d_kernel.cpp:42) [37]  (2.190 ns)

 <State 40>: 2.190ns
The critical path consists of the following:
	bus request operation ('empty', kernels/conv2d_kernel.cpp:42) on port 'HBM0' (kernels/conv2d_kernel.cpp:42) [37]  (2.190 ns)

 <State 41>: 2.190ns
The critical path consists of the following:
	bus request operation ('empty', kernels/conv2d_kernel.cpp:42) on port 'HBM0' (kernels/conv2d_kernel.cpp:42) [37]  (2.190 ns)

 <State 42>: 2.190ns
The critical path consists of the following:
	bus request operation ('empty', kernels/conv2d_kernel.cpp:42) on port 'HBM0' (kernels/conv2d_kernel.cpp:42) [37]  (2.190 ns)

 <State 43>: 2.190ns
The critical path consists of the following:
	bus request operation ('empty', kernels/conv2d_kernel.cpp:42) on port 'HBM0' (kernels/conv2d_kernel.cpp:42) [37]  (2.190 ns)

 <State 44>: 2.190ns
The critical path consists of the following:
	bus request operation ('empty', kernels/conv2d_kernel.cpp:42) on port 'HBM0' (kernels/conv2d_kernel.cpp:42) [37]  (2.190 ns)

 <State 45>: 2.190ns
The critical path consists of the following:
	bus request operation ('empty', kernels/conv2d_kernel.cpp:42) on port 'HBM0' (kernels/conv2d_kernel.cpp:42) [37]  (2.190 ns)

 <State 46>: 2.190ns
The critical path consists of the following:
	bus request operation ('empty', kernels/conv2d_kernel.cpp:42) on port 'HBM0' (kernels/conv2d_kernel.cpp:42) [37]  (2.190 ns)

 <State 47>: 2.190ns
The critical path consists of the following:
	bus request operation ('empty', kernels/conv2d_kernel.cpp:42) on port 'HBM0' (kernels/conv2d_kernel.cpp:42) [37]  (2.190 ns)

 <State 48>: 2.190ns
The critical path consists of the following:
	bus request operation ('empty', kernels/conv2d_kernel.cpp:42) on port 'HBM0' (kernels/conv2d_kernel.cpp:42) [37]  (2.190 ns)

 <State 49>: 2.190ns
The critical path consists of the following:
	bus request operation ('empty', kernels/conv2d_kernel.cpp:42) on port 'HBM0' (kernels/conv2d_kernel.cpp:42) [37]  (2.190 ns)

 <State 50>: 2.190ns
The critical path consists of the following:
	bus request operation ('empty', kernels/conv2d_kernel.cpp:42) on port 'HBM0' (kernels/conv2d_kernel.cpp:42) [37]  (2.190 ns)

 <State 51>: 2.190ns
The critical path consists of the following:
	bus request operation ('empty', kernels/conv2d_kernel.cpp:42) on port 'HBM0' (kernels/conv2d_kernel.cpp:42) [37]  (2.190 ns)

 <State 52>: 2.190ns
The critical path consists of the following:
	bus request operation ('empty', kernels/conv2d_kernel.cpp:42) on port 'HBM0' (kernels/conv2d_kernel.cpp:42) [37]  (2.190 ns)

 <State 53>: 2.190ns
The critical path consists of the following:
	bus request operation ('empty', kernels/conv2d_kernel.cpp:42) on port 'HBM0' (kernels/conv2d_kernel.cpp:42) [37]  (2.190 ns)

 <State 54>: 2.190ns
The critical path consists of the following:
	bus request operation ('empty', kernels/conv2d_kernel.cpp:42) on port 'HBM0' (kernels/conv2d_kernel.cpp:42) [37]  (2.190 ns)

 <State 55>: 2.190ns
The critical path consists of the following:
	bus request operation ('empty', kernels/conv2d_kernel.cpp:42) on port 'HBM0' (kernels/conv2d_kernel.cpp:42) [37]  (2.190 ns)

 <State 56>: 2.190ns
The critical path consists of the following:
	bus request operation ('empty', kernels/conv2d_kernel.cpp:42) on port 'HBM0' (kernels/conv2d_kernel.cpp:42) [37]  (2.190 ns)

 <State 57>: 2.190ns
The critical path consists of the following:
	bus request operation ('empty', kernels/conv2d_kernel.cpp:42) on port 'HBM0' (kernels/conv2d_kernel.cpp:42) [37]  (2.190 ns)

 <State 58>: 2.190ns
The critical path consists of the following:
	bus request operation ('empty', kernels/conv2d_kernel.cpp:42) on port 'HBM0' (kernels/conv2d_kernel.cpp:42) [37]  (2.190 ns)

 <State 59>: 2.190ns
The critical path consists of the following:
	bus request operation ('empty', kernels/conv2d_kernel.cpp:42) on port 'HBM0' (kernels/conv2d_kernel.cpp:42) [37]  (2.190 ns)

 <State 60>: 2.190ns
The critical path consists of the following:
	bus request operation ('empty', kernels/conv2d_kernel.cpp:42) on port 'HBM0' (kernels/conv2d_kernel.cpp:42) [37]  (2.190 ns)

 <State 61>: 2.190ns
The critical path consists of the following:
	bus request operation ('empty', kernels/conv2d_kernel.cpp:42) on port 'HBM0' (kernels/conv2d_kernel.cpp:42) [37]  (2.190 ns)

 <State 62>: 2.190ns
The critical path consists of the following:
	bus request operation ('empty', kernels/conv2d_kernel.cpp:42) on port 'HBM0' (kernels/conv2d_kernel.cpp:42) [37]  (2.190 ns)

 <State 63>: 2.190ns
The critical path consists of the following:
	bus request operation ('empty', kernels/conv2d_kernel.cpp:42) on port 'HBM0' (kernels/conv2d_kernel.cpp:42) [37]  (2.190 ns)

 <State 64>: 2.190ns
The critical path consists of the following:
	bus request operation ('empty', kernels/conv2d_kernel.cpp:42) on port 'HBM0' (kernels/conv2d_kernel.cpp:42) [37]  (2.190 ns)

 <State 65>: 2.190ns
The critical path consists of the following:
	bus request operation ('empty', kernels/conv2d_kernel.cpp:42) on port 'HBM0' (kernels/conv2d_kernel.cpp:42) [37]  (2.190 ns)

 <State 66>: 2.190ns
The critical path consists of the following:
	bus request operation ('empty', kernels/conv2d_kernel.cpp:42) on port 'HBM0' (kernels/conv2d_kernel.cpp:42) [37]  (2.190 ns)

 <State 67>: 2.190ns
The critical path consists of the following:
	bus request operation ('empty', kernels/conv2d_kernel.cpp:42) on port 'HBM0' (kernels/conv2d_kernel.cpp:42) [37]  (2.190 ns)

 <State 68>: 2.190ns
The critical path consists of the following:
	bus request operation ('empty', kernels/conv2d_kernel.cpp:42) on port 'HBM0' (kernels/conv2d_kernel.cpp:42) [37]  (2.190 ns)

 <State 69>: 2.190ns
The critical path consists of the following:
	bus request operation ('empty', kernels/conv2d_kernel.cpp:42) on port 'HBM0' (kernels/conv2d_kernel.cpp:42) [37]  (2.190 ns)

 <State 70>: 2.190ns
The critical path consists of the following:
	bus request operation ('empty', kernels/conv2d_kernel.cpp:42) on port 'HBM0' (kernels/conv2d_kernel.cpp:42) [37]  (2.190 ns)

 <State 71>: 2.190ns
The critical path consists of the following:
	bus request operation ('empty', kernels/conv2d_kernel.cpp:42) on port 'HBM0' (kernels/conv2d_kernel.cpp:42) [37]  (2.190 ns)

 <State 72>: 2.190ns
The critical path consists of the following:
	bus request operation ('empty', kernels/conv2d_kernel.cpp:42) on port 'HBM0' (kernels/conv2d_kernel.cpp:42) [37]  (2.190 ns)

 <State 73>: 0.000ns
The critical path consists of the following:

 <State 74>: 0.000ns
The critical path consists of the following:


============================================================
+ Verbose Summary: Binding
============================================================
N/A
* FSMD analyzer results:
  - Output states:
 - Input state : 
  - Chain level:
	State 1
	State 2
	State 3
	State 4
	State 5
	State 6
	State 7
	State 8
	State 9
	State 10
	State 11
	State 12
	State 13
	State 14
	State 15
	State 16
	State 17
	State 18
	State 19
	State 20
	State 21
	State 22
	State 23
	State 24
	State 25
	State 26
	State 27
	State 28
	State 29
	State 30
	State 31
	State 32
	State 33
	State 34
	State 35
	State 36
	State 37
	State 38
	State 39
	State 40
	State 41
	State 42
	State 43
	State 44
	State 45
	State 46
	State 47
	State 48
	State 49
	State 50
	State 51
	State 52
	State 53
	State 54
	State 55
	State 56
	State 57
	State 58
	State 59
	State 60
	State 61
	State 62
	State 63
	State 64
	State 65
	State 66
	State 67
	State 68
	State 69
	State 70
	State 71
	State 72
	State 73
	State 74


============================================================
+ Verbose Summary: Datapath Resource usage 
============================================================
N/A
